[0m16:59:45.448897 [debug] [MainThread]: Sending event: {'category': 'dbt', 'action': 'invocation', 'label': 'start', 'context': [<snowplow_tracker.self_describing_json.SelfDescribingJson object at 0x000002396AEB86E0>, <snowplow_tracker.self_describing_json.SelfDescribingJson object at 0x000002396B681310>, <snowplow_tracker.self_describing_json.SelfDescribingJson object at 0x000002396BCF7ED0>]}


============================== 16:59:45.453338 | 9d890fd6-d74a-4742-abc0-901a3194e721 ==============================
[0m16:59:45.453338 [info ] [MainThread]: Running with dbt=1.11.0-b3
[0m16:59:45.453960 [debug] [MainThread]: running dbt with arguments {'no_print': 'None', 'printer_width': '80', 'write_json': 'True', 'profiles_dir': 'D:\\DE VMs\\DE', 'use_colors': 'True', 'warn_error': 'None', 'indirect_selection': 'eager', 'partial_parse': 'True', 'log_path': 'logs', 'send_anonymous_usage_stats': 'True', 'fail_fast': 'False', 'warn_error_options': 'WarnErrorOptionsV2(error=[], warn=[], silence=[])', 'static_parser': 'True', 'use_experimental_parser': 'False', 'version_check': 'True', 'quiet': 'False', 'introspect': 'True', 'empty': 'None', 'log_cache_events': 'False', 'debug': 'False', 'log_format': 'default', 'invocation_command': 'dbt debug', 'cache_selected_only': 'False', 'target_path': 'None'}
[0m16:59:45.469328 [info ] [MainThread]: dbt version: 1.11.0-b3
[0m16:59:45.470141 [info ] [MainThread]: python version: 3.13.9
[0m16:59:45.470535 [info ] [MainThread]: python path: D:\DE VMs\DE\dbt_1\deb_venv\Scripts\python.exe
[0m16:59:45.470875 [info ] [MainThread]: os info: Windows-11-10.0.22631-SP0
[0m16:59:45.874041 [info ] [MainThread]: Using profiles dir at D:\DE VMs\DE
[0m16:59:45.874586 [info ] [MainThread]: Using profiles.yml file at D:\DE VMs\DE\profiles.yml
[0m16:59:45.874963 [info ] [MainThread]: Using dbt_project.yml file at D:\DE VMs\DE\dbt_project.yml
[0m16:59:45.876033 [info ] [MainThread]: adapter type: snowflake
[0m16:59:45.876363 [info ] [MainThread]: adapter version: 1.10.2
[0m16:59:45.876694 [info ] [MainThread]: Configuration:
[0m16:59:45.876973 [info ] [MainThread]:   profiles.yml file [[32mOK found and valid[0m]
[0m16:59:45.877248 [info ] [MainThread]:   dbt_project.yml file [[31mERROR not found[0m]
[0m16:59:45.877522 [info ] [MainThread]: Required dependencies:
[0m16:59:45.877812 [debug] [MainThread]: Executing "git --help"
[0m16:59:45.880176 [info ] [MainThread]:  - git [[31mERROR[0m]

[0m16:59:45.880489 [info ] [MainThread]: Connection:
[0m16:59:45.880853 [info ] [MainThread]:   account: motorpanther
[0m16:59:45.881181 [info ] [MainThread]:   user: jonathan_01
[0m16:59:45.881700 [info ] [MainThread]:   database: SLEEKMART_OMS
[0m16:59:45.882105 [info ] [MainThread]:   warehouse: COMPUTE_WH
[0m16:59:45.882475 [info ] [MainThread]:   role: ACCOUNTADMIN
[0m16:59:45.882838 [info ] [MainThread]:   schema: L3_CONSUMPTION
[0m16:59:45.883158 [info ] [MainThread]:   authenticator: None
[0m16:59:45.883491 [info ] [MainThread]:   oauth_client_id: None
[0m16:59:45.883828 [info ] [MainThread]:   query_tag: None
[0m16:59:45.884142 [info ] [MainThread]:   client_session_keep_alive: False
[0m16:59:45.884528 [info ] [MainThread]:   host: None
[0m16:59:45.884898 [info ] [MainThread]:   port: None
[0m16:59:45.885233 [info ] [MainThread]:   proxy_host: None
[0m16:59:45.885532 [info ] [MainThread]:   proxy_port: None
[0m16:59:45.885821 [info ] [MainThread]:   protocol: None
[0m16:59:45.886098 [info ] [MainThread]:   connect_retries: 1
[0m16:59:45.886510 [info ] [MainThread]:   connect_timeout: None
[0m16:59:45.886825 [info ] [MainThread]:   retry_on_database_errors: False
[0m16:59:45.887267 [info ] [MainThread]:   retry_all: False
[0m16:59:45.887712 [info ] [MainThread]:   insecure_mode: False
[0m16:59:45.888051 [info ] [MainThread]:   reuse_connections: True
[0m16:59:45.888355 [info ] [MainThread]:   s3_stage_vpce_dns_name: None
[0m16:59:45.889049 [info ] [MainThread]: Registered adapter: snowflake=1.10.2
[0m16:59:46.129346 [debug] [MainThread]: Acquiring new snowflake connection 'debug'
[0m16:59:48.174068 [debug] [MainThread]: Using snowflake connection "debug"
[0m16:59:48.174484 [debug] [MainThread]: On debug: select 1 as id
[0m16:59:48.174731 [debug] [MainThread]: Opening a new connection, currently in state init
[0m16:59:51.670637 [debug] [MainThread]: Snowflake adapter: Error running SQL: select 1 as id
[0m16:59:51.670999 [debug] [MainThread]: Snowflake adapter: Rolling back transaction.
[0m16:59:51.672359 [info ] [MainThread]:   Connection test: [[31mERROR[0m]

[0m16:59:51.672868 [info ] [MainThread]: [31m3 checks failed:[0m
[0m16:59:51.673269 [info ] [MainThread]: Project loading failed for the following reason:
 project path <D:\DE VMs\DE\dbt_project.yml> not found

[0m16:59:51.673849 [info ] [MainThread]: Error from git --help: Could not find command, ensure it is in the user's PATH and that the user has permissions to run it: "git"

[0m16:59:51.674288 [info ] [MainThread]: dbt was unable to connect to the specified database.
The database returned the following error:

  >Database Error
  290404 (08001): 404 Not Found: post motorpanther.snowflakecomputing.com:443/session/v1/login-request

Check your database credentials and try again. For more information, visit:
https://docs.getdbt.com/docs/configure-your-profile


[0m16:59:51.675310 [debug] [MainThread]: Command `dbt debug` failed at 16:59:51.675185 after 6.37 seconds
[0m16:59:51.675613 [debug] [MainThread]: Connection 'debug' was left open.
[0m16:59:51.675881 [debug] [MainThread]: On debug: No close available on handle
[0m16:59:51.676164 [debug] [MainThread]: Sending event: {'category': 'dbt', 'action': 'invocation', 'label': 'end', 'context': [<snowplow_tracker.self_describing_json.SelfDescribingJson object at 0x000002396E25C8A0>, <snowplow_tracker.self_describing_json.SelfDescribingJson object at 0x000002396DE1A330>, <snowplow_tracker.self_describing_json.SelfDescribingJson object at 0x000002396DC7A7A0>]}
[0m16:59:51.676525 [debug] [MainThread]: Flushing usage events
[0m16:59:52.032035 [debug] [MainThread]: An error was encountered while trying to flush usage events
[0m07:44:34.819422 [debug] [MainThread]: Sending event: {'category': 'dbt', 'action': 'invocation', 'label': 'start', 'context': [<snowplow_tracker.self_describing_json.SelfDescribingJson object at 0x00000134FC8D8440>, <snowplow_tracker.self_describing_json.SelfDescribingJson object at 0x00000134FD2C0550>, <snowplow_tracker.self_describing_json.SelfDescribingJson object at 0x00000134FD90BED0>]}


============================== 07:44:34.885043 | e6beb6c0-eb09-491f-8da2-8ea902e43723 ==============================
[0m07:44:34.885043 [info ] [MainThread]: Running with dbt=1.10.13
[0m07:44:34.885864 [debug] [MainThread]: running dbt with arguments {'log_format': 'default', 'cache_selected_only': 'False', 'write_json': 'True', 'no_print': 'None', 'invocation_command': 'dbt seed', 'warn_error': 'None', 'static_parser': 'True', 'fail_fast': 'False', 'indirect_selection': 'eager', 'send_anonymous_usage_stats': 'True', 'log_path': 'logs', 'warn_error_options': 'WarnErrorOptionsV2(error=[], warn=[], silence=[])', 'partial_parse': 'True', 'version_check': 'True', 'use_experimental_parser': 'False', 'introspect': 'True', 'quiet': 'False', 'empty': 'None', 'log_cache_events': 'False', 'debug': 'False', 'profiles_dir': 'D:\\DE VMs\\DE', 'use_colors': 'True', 'printer_width': '80', 'target_path': 'None'}
[0m07:44:34.886360 [error] [MainThread]: Encountered an error:
Runtime Error
  No dbt_project.yml found at expected path D:\DE VMs\DE\dbt_project.yml
  Verify that each entry within packages.yml (and their transitive dependencies) contains a file named dbt_project.yml
  
[0m07:44:34.887165 [debug] [MainThread]: Command `dbt seed` failed at 07:44:34.887050 after 0.24 seconds
[0m07:44:34.887482 [debug] [MainThread]: Sending event: {'category': 'dbt', 'action': 'invocation', 'label': 'end', 'context': [<snowplow_tracker.self_describing_json.SelfDescribingJson object at 0x00000134FD9743E0>, <snowplow_tracker.self_describing_json.SelfDescribingJson object at 0x00000134FD81A7B0>, <snowplow_tracker.self_describing_json.SelfDescribingJson object at 0x00000134FD7A5E10>]}
[0m07:44:34.896023 [debug] [MainThread]: Flushing usage events
[0m07:44:35.624981 [debug] [MainThread]: An error was encountered while trying to flush usage events
